<html>
<body>
<pre>
<h1>µVision Build Log</h1>
<h2>Project:</h2>
D:\MyPROG\STM32\TestSTM_Project\TestSTM_Project\TestSTM_Project\Projects\MDK-ARM\TestSTM_Project.uvproj
Project File Date:  11/05/2014

<h2>Output:</h2>
Rebuild target 'TestSTM_Project Configuration'
assembling startup_stm32f407xx.s...
compiling gpio.c...
compiling main.c...
compiling stm32f4xx_it.c...
compiling system_stm32f4xx.c...
compiling stm32f4xx_hal.c...
compiling stm32f4xx_hal_cortex.c...
compiling stm32f4xx_hal_dma.c...
compiling stm32f4xx_hal_flash.c...
compiling stm32f4xx_hal_flash_ex.c...
compiling stm32f4xx_hal_flash_ramfunc.c...
compiling stm32f4xx_hal_gpio.c...
compiling stm32f4xx_hal_pwr.c...
compiling stm32f4xx_hal_pwr_ex.c...
compiling stm32f4xx_hal_rcc.c...
compiling stm32f4xx_hal_rcc_ex.c...
linking...
Program Size: Code=2152 RO-data=440 RW-data=24 ZI-data=1024  
"TestSTM_Project Configuration\TestSTM_Project Configuration.axf" - 0 Error(s), 0 Warning(s).
